2026-09-22 09:50:33.896: [INFO] CurrentProfilePath: D:\Hibernate\.metadata\.plugins\org.eclipse.swt\EBWebView\Default
2026-09-22 09:50:33.896: [INFO] Profiles total count: 1
2026-09-22 09:50:33.896: [INFO] Profile: name=Profile 1 path=D:\Hibernate\.metadata\.plugins\org.eclipse.swt\EBWebView\Default lastActive=null
2026-09-22 09:50:33.896: [INFO] LastUsedProfileDir: D:\Hibernate\.metadata\.plugins\org.eclipse.swt\EBWebView\Default
2026-09-22 09:50:33.896: [INFO] OnDoneLoading sync enabled: 0
2026-09-22 09:50:33.896: [INFO] BookmarkModelLoaded, ids_reassigned: 0
2026-09-22 09:50:33.896: [INFO] BookmarksLoadDropped droppedNodes=0
2026-09-22 09:50:33.896: [INFO] BookmarksSnapshot Startup total=0 bar=0 other=0 mobile=0 showBar=0 showBarNTP=1
2026-09-22 09:51:27.434: [INFO] BookmarksSnapshot Shutdown total=0 bar=0 other=0 mobile=0 showBar=0 showBarNTP=1
2026-09-23 07:08:56.084: [INFO] CurrentProfilePath: D:\Hibernate\.metadata\.plugins\org.eclipse.swt\EBWebView\Default
2026-09-23 07:08:56.084: [INFO] Profiles total count: 1
2026-09-23 07:08:56.084: [INFO] Profile: name=Profile 1 path=D:\Hibernate\.metadata\.plugins\org.eclipse.swt\EBWebView\Default lastActive=2026-09-22T09:50:40.268Z
2026-09-23 07:08:56.084: [INFO] LastUsedProfileDir: D:\Hibernate\.metadata\.plugins\org.eclipse.swt\EBWebView\Default
2026-09-23 07:08:56.084: [INFO] MostRecentlyActiveProfile: name=Profile 1 path=D:\Hibernate\.metadata\.plugins\org.eclipse.swt\EBWebView\Default lastActive=2026-09-22T09:50:40.268Z
2026-09-23 07:08:56.084: [INFO] OnDoneLoading sync enabled: 0
2026-09-23 07:08:56.084: [INFO] BookmarkModelLoaded, ids_reassigned: 0
2026-09-23 07:08:56.084: [INFO] BookmarksLoadDropped droppedNodes=0
2026-09-23 07:08:56.084: [INFO] BookmarksSnapshot Startup total=0 bar=0 other=0 mobile=0 showBar=0 showBarNTP=1
2026-09-23 07:09:02.286: [INFO] BookmarksSnapshot Shutdown total=0 bar=0 other=0 mobile=0 showBar=0 showBarNTP=1
2026-09-23 07:40:49.397: [INFO] CurrentProfilePath: D:\Hibernate\.metadata\.plugins\org.eclipse.swt\EBWebView\Default
2026-09-23 07:40:49.397: [INFO] Profiles total count: 1
2026-09-23 07:40:49.397: [INFO] Profile: name=Profile 1 path=D:\Hibernate\.metadata\.plugins\org.eclipse.swt\EBWebView\Default lastActive=2026-09-22T09:50:40.268Z
2026-09-23 07:40:49.397: [INFO] LastUsedProfileDir: D:\Hibernate\.metadata\.plugins\org.eclipse.swt\EBWebView\Default
2026-09-23 07:40:49.397: [INFO] MostRecentlyActiveProfile: name=Profile 1 path=D:\Hibernate\.metadata\.plugins\org.eclipse.swt\EBWebView\Default lastActive=2026-09-22T09:50:40.268Z
2026-09-23 07:40:49.397: [INFO] OnDoneLoading sync enabled: 0
2026-09-23 07:40:49.397: [INFO] BookmarkModelLoaded, ids_reassigned: 0
2026-09-23 07:40:49.397: [INFO] BookmarksLoadDropped droppedNodes=0
2026-09-23 07:40:49.397: [INFO] BookmarksSnapshot Startup total=0 bar=0 other=0 mobile=0 showBar=0 showBarNTP=1
2026-09-23 07:40:52.595: [INFO] BookmarksSnapshot Shutdown total=0 bar=0 other=0 mobile=0 showBar=0 showBarNTP=1
2026-09-23 07:46:21.016: [INFO] CurrentProfilePath: D:\Hibernate\.metadata\.plugins\org.eclipse.swt\EBWebView\Default
2026-09-23 07:46:21.016: [INFO] Profiles total count: 1
2026-09-23 07:46:21.016: [INFO] Profile: name=Profile 1 path=D:\Hibernate\.metadata\.plugins\org.eclipse.swt\EBWebView\Default lastActive=2026-09-22T09:50:40.268Z
2026-09-23 07:46:21.016: [INFO] LastUsedProfileDir: D:\Hibernate\.metadata\.plugins\org.eclipse.swt\EBWebView\Default
2026-09-23 07:46:21.016: [INFO] MostRecentlyActiveProfile: name=Profile 1 path=D:\Hibernate\.metadata\.plugins\org.eclipse.swt\EBWebView\Default lastActive=2026-09-22T09:50:40.268Z
2026-09-23 07:46:21.016: [INFO] OnDoneLoading sync enabled: 0
2026-09-23 07:46:21.016: [INFO] BookmarkModelLoaded, ids_reassigned: 0
2026-09-23 07:46:21.016: [INFO] BookmarksLoadDropped droppedNodes=0
2026-09-23 07:46:21.017: [INFO] BookmarksSnapshot Startup total=0 bar=0 other=0 mobile=0 showBar=0 showBarNTP=1
2026-09-23 07:53:05.924: [INFO] BookmarksSnapshot Shutdown total=0 bar=0 other=0 mobile=0 showBar=0 showBarNTP=1
2026-09-23 07:54:24.010: [INFO] CurrentProfilePath: D:\Hibernate\.metadata\.plugins\org.eclipse.swt\EBWebView\Default
2026-09-23 07:54:24.010: [INFO] Profiles total count: 1
2026-09-23 07:54:24.010: [INFO] Profile: name=Profile 1 path=D:\Hibernate\.metadata\.plugins\org.eclipse.swt\EBWebView\Default lastActive=2026-09-22T09:50:40.268Z
2026-09-23 07:54:24.010: [INFO] LastUsedProfileDir: D:\Hibernate\.metadata\.plugins\org.eclipse.swt\EBWebView\Default
2026-09-23 07:54:24.010: [INFO] MostRecentlyActiveProfile: name=Profile 1 path=D:\Hibernate\.metadata\.plugins\org.eclipse.swt\EBWebView\Default lastActive=2026-09-22T09:50:40.268Z
2026-09-23 07:54:24.010: [INFO] OnDoneLoading sync enabled: 0
2026-09-23 07:54:24.010: [INFO] BookmarkModelLoaded, ids_reassigned: 0
2026-09-23 07:54:24.010: [INFO] BookmarksLoadDropped droppedNodes=0
2026-09-23 07:54:24.010: [INFO] BookmarksSnapshot Startup total=0 bar=0 other=0 mobile=0 showBar=0 showBarNTP=1
2026-09-23 07:54:29.634: [INFO] BookmarksSnapshot Shutdown total=0 bar=0 other=0 mobile=0 showBar=0 showBarNTP=1
2026-09-23 08:09:36.041: [INFO] CurrentProfilePath: D:\Hibernate\.metadata\.plugins\org.eclipse.swt\EBWebView\Default
2026-09-23 08:09:36.041: [INFO] Profiles total count: 1
2026-09-23 08:09:36.041: [INFO] Profile: name=Profile 1 path=D:\Hibernate\.metadata\.plugins\org.eclipse.swt\EBWebView\Default lastActive=2026-09-22T09:50:40.268Z
2026-09-23 08:09:36.041: [INFO] LastUsedProfileDir: D:\Hibernate\.metadata\.plugins\org.eclipse.swt\EBWebView\Default
2026-09-23 08:09:36.041: [INFO] MostRecentlyActiveProfile: name=Profile 1 path=D:\Hibernate\.metadata\.plugins\org.eclipse.swt\EBWebView\Default lastActive=2026-09-22T09:50:40.268Z
2026-09-23 08:09:36.041: [INFO] OnDoneLoading sync enabled: 0
2026-09-23 08:09:36.041: [INFO] BookmarkModelLoaded, ids_reassigned: 0
2026-09-23 08:09:36.041: [INFO] BookmarksLoadDropped droppedNodes=0
2026-09-23 08:09:36.041: [INFO] BookmarksSnapshot Startup total=0 bar=0 other=0 mobile=0 showBar=0 showBarNTP=1
2026-09-23 08:52:39.176: [INFO] BookmarksSnapshot Shutdown total=0 bar=0 other=0 mobile=0 showBar=0 showBarNTP=1
2026-09-23 10:14:30.634: [INFO] CurrentProfilePath: D:\Hibernate\.metadata\.plugins\org.eclipse.swt\EBWebView\Default
2026-09-23 10:14:30.634: [INFO] Profiles total count: 1
2026-09-23 10:14:30.634: [INFO] Profile: name=Profile 1 path=D:\Hibernate\.metadata\.plugins\org.eclipse.swt\EBWebView\Default lastActive=2026-09-22T09:50:40.268Z
2026-09-23 10:14:30.634: [INFO] LastUsedProfileDir: D:\Hibernate\.metadata\.plugins\org.eclipse.swt\EBWebView\Default
2026-09-23 10:14:30.634: [INFO] MostRecentlyActiveProfile: name=Profile 1 path=D:\Hibernate\.metadata\.plugins\org.eclipse.swt\EBWebView\Default lastActive=2026-09-22T09:50:40.268Z
2026-09-23 10:14:30.634: [INFO] OnDoneLoading sync enabled: 0
2026-09-23 10:14:30.634: [INFO] BookmarkModelLoaded, ids_reassigned: 0
2026-09-23 10:14:30.634: [INFO] BookmarksLoadDropped droppedNodes=0
2026-09-23 10:14:30.634: [INFO] BookmarksSnapshot Startup total=0 bar=0 other=0 mobile=0 showBar=0 showBarNTP=1
2026-09-23 11:24:17.919: [INFO] BookmarksSnapshot Shutdown total=0 bar=0 other=0 mobile=0 showBar=0 showBarNTP=1
2026-09-24 00:26:32.167: [INFO] CurrentProfilePath: D:\Hibernate\.metadata\.plugins\org.eclipse.swt\EBWebView\Default
2026-09-24 00:26:32.167: [INFO] Profiles total count: 1
2026-09-24 00:26:32.167: [INFO] Profile: name=Profile 1 path=D:\Hibernate\.metadata\.plugins\org.eclipse.swt\EBWebView\Default lastActive=2026-09-22T09:50:40.268Z
2026-09-24 00:26:32.167: [INFO] LastUsedProfileDir: D:\Hibernate\.metadata\.plugins\org.eclipse.swt\EBWebView\Default
2026-09-24 00:26:32.167: [INFO] MostRecentlyActiveProfile: name=Profile 1 path=D:\Hibernate\.metadata\.plugins\org.eclipse.swt\EBWebView\Default lastActive=2026-09-22T09:50:40.268Z
2026-09-24 00:26:32.167: [INFO] OnDoneLoading sync enabled: 0
2026-09-24 00:26:32.167: [INFO] BookmarkModelLoaded, ids_reassigned: 0
2026-09-24 00:26:32.167: [INFO] BookmarksLoadDropped droppedNodes=0
2026-09-24 00:26:32.167: [INFO] BookmarksSnapshot Startup total=0 bar=0 other=0 mobile=0 showBar=0 showBarNTP=1
2026-09-24 00:27:27.288: [INFO] BookmarksSnapshot Shutdown total=0 bar=0 other=0 mobile=0 showBar=0 showBarNTP=1
2026-09-24 00:27:44.665: [INFO] CurrentProfilePath: D:\Hibernate\.metadata\.plugins\org.eclipse.swt\EBWebView\Default
2026-09-24 00:27:44.665: [INFO] Profiles total count: 1
2026-09-24 00:27:44.665: [INFO] Profile: name=Profile 1 path=D:\Hibernate\.metadata\.plugins\org.eclipse.swt\EBWebView\Default lastActive=2026-09-22T09:50:40.268Z
2026-09-24 00:27:44.665: [INFO] LastUsedProfileDir: D:\Hibernate\.metadata\.plugins\org.eclipse.swt\EBWebView\Default
2026-09-24 00:27:44.665: [INFO] MostRecentlyActiveProfile: name=Profile 1 path=D:\Hibernate\.metadata\.plugins\org.eclipse.swt\EBWebView\Default lastActive=2026-09-22T09:50:40.268Z
2026-09-24 00:27:44.665: [INFO] OnDoneLoading sync enabled: 0
2026-09-24 00:27:44.665: [INFO] BookmarkModelLoaded, ids_reassigned: 0
2026-09-24 00:27:44.665: [INFO] BookmarksLoadDropped droppedNodes=0
2026-09-24 00:27:44.665: [INFO] BookmarksSnapshot Startup total=0 bar=0 other=0 mobile=0 showBar=0 showBarNTP=1
2026-09-24 00:29:02.143: [INFO] BookmarksSnapshot Shutdown total=0 bar=0 other=0 mobile=0 showBar=0 showBarNTP=1
2026-09-24 00:33:23.195: [INFO] CurrentProfilePath: D:\Hibernate\.metadata\.plugins\org.eclipse.swt\EBWebView\Default
2026-09-24 00:33:23.195: [INFO] Profiles total count: 1
2026-09-24 00:33:23.195: [INFO] Profile: name=Profile 1 path=D:\Hibernate\.metadata\.plugins\org.eclipse.swt\EBWebView\Default lastActive=2026-09-22T09:50:40.268Z
2026-09-24 00:33:23.195: [INFO] LastUsedProfileDir: D:\Hibernate\.metadata\.plugins\org.eclipse.swt\EBWebView\Default
2026-09-24 00:33:23.195: [INFO] MostRecentlyActiveProfile: name=Profile 1 path=D:\Hibernate\.metadata\.plugins\org.eclipse.swt\EBWebView\Default lastActive=2026-09-22T09:50:40.268Z
2026-09-24 00:33:23.195: [INFO] OnDoneLoading sync enabled: 0
2026-09-24 00:33:23.195: [INFO] BookmarkModelLoaded, ids_reassigned: 0
2026-09-24 00:33:23.195: [INFO] BookmarksLoadDropped droppedNodes=0
2026-09-24 00:33:23.195: [INFO] BookmarksSnapshot Startup total=0 bar=0 other=0 mobile=0 showBar=0 showBarNTP=1
2026-09-24 00:33:32.175: [INFO] BookmarksSnapshot Shutdown total=0 bar=0 other=0 mobile=0 showBar=0 showBarNTP=1
2026-09-24 00:34:34.493: [INFO] CurrentProfilePath: D:\Hibernate\.metadata\.plugins\org.eclipse.swt\EBWebView\Default
2026-09-24 00:34:34.493: [INFO] Profiles total count: 1
2026-09-24 00:34:34.493: [INFO] Profile: name=Profile 1 path=D:\Hibernate\.metadata\.plugins\org.eclipse.swt\EBWebView\Default lastActive=2026-09-22T09:50:40.268Z
2026-09-24 00:34:34.493: [INFO] LastUsedProfileDir: D:\Hibernate\.metadata\.plugins\org.eclipse.swt\EBWebView\Default
2026-09-24 00:34:34.493: [INFO] MostRecentlyActiveProfile: name=Profile 1 path=D:\Hibernate\.metadata\.plugins\org.eclipse.swt\EBWebView\Default lastActive=2026-09-22T09:50:40.268Z
2026-09-24 00:34:34.493: [INFO] OnDoneLoading sync enabled: 0
2026-09-24 00:34:34.493: [INFO] BookmarkModelLoaded, ids_reassigned: 0
2026-09-24 00:34:34.493: [INFO] BookmarksLoadDropped droppedNodes=0
2026-09-24 00:34:34.493: [INFO] BookmarksSnapshot Startup total=0 bar=0 other=0 mobile=0 showBar=0 showBarNTP=1
2026-09-24 00:34:39.700: [INFO] BookmarksSnapshot Shutdown total=0 bar=0 other=0 mobile=0 showBar=0 showBarNTP=1
2026-09-24 00:47:02.700: [INFO] CurrentProfilePath: D:\Hibernate\.metadata\.plugins\org.eclipse.swt\EBWebView\Default
2026-09-24 00:47:02.700: [INFO] Profiles total count: 1
2026-09-24 00:47:02.700: [INFO] Profile: name=Profile 1 path=D:\Hibernate\.metadata\.plugins\org.eclipse.swt\EBWebView\Default lastActive=2026-09-22T09:50:40.268Z
2026-09-24 00:47:02.700: [INFO] LastUsedProfileDir: D:\Hibernate\.metadata\.plugins\org.eclipse.swt\EBWebView\Default
2026-09-24 00:47:02.700: [INFO] MostRecentlyActiveProfile: name=Profile 1 path=D:\Hibernate\.metadata\.plugins\org.eclipse.swt\EBWebView\Default lastActive=2026-09-22T09:50:40.268Z
2026-09-24 00:47:02.700: [INFO] OnDoneLoading sync enabled: 0
2026-09-24 00:47:02.700: [INFO] BookmarkModelLoaded, ids_reassigned: 0
2026-09-24 00:47:02.700: [INFO] BookmarksLoadDropped droppedNodes=0
2026-09-24 00:47:02.700: [INFO] BookmarksSnapshot Startup total=0 bar=0 other=0 mobile=0 showBar=0 showBarNTP=1
2026-09-24 00:50:56.683: [INFO] BookmarksSnapshot Shutdown total=0 bar=0 other=0 mobile=0 showBar=0 showBarNTP=1
2026-09-24 00:51:32.030: [INFO] CurrentProfilePath: D:\Hibernate\.metadata\.plugins\org.eclipse.swt\EBWebView\Default
2026-09-24 00:51:32.030: [INFO] Profiles total count: 1
2026-09-24 00:51:32.030: [INFO] Profile: name=Profile 1 path=D:\Hibernate\.metadata\.plugins\org.eclipse.swt\EBWebView\Default lastActive=2026-09-22T09:50:40.268Z
2026-09-24 00:51:32.030: [INFO] LastUsedProfileDir: D:\Hibernate\.metadata\.plugins\org.eclipse.swt\EBWebView\Default
2026-09-24 00:51:32.030: [INFO] MostRecentlyActiveProfile: name=Profile 1 path=D:\Hibernate\.metadata\.plugins\org.eclipse.swt\EBWebView\Default lastActive=2026-09-22T09:50:40.268Z
2026-09-24 00:51:32.030: [INFO] OnDoneLoading sync enabled: 0
2026-09-24 00:51:32.030: [INFO] BookmarkModelLoaded, ids_reassigned: 0
2026-09-24 00:51:32.030: [INFO] BookmarksLoadDropped droppedNodes=0
2026-09-24 00:51:32.030: [INFO] BookmarksSnapshot Startup total=0 bar=0 other=0 mobile=0 showBar=0 showBarNTP=1
2026-09-24 01:22:04.089: [INFO] BookmarksSnapshot Shutdown total=0 bar=0 other=0 mobile=0 showBar=0 showBarNTP=1
2026-09-24 06:54:44.784: [INFO] CurrentProfilePath: D:\Hibernate\.metadata\.plugins\org.eclipse.swt\EBWebView\Default
2026-09-24 06:54:44.784: [INFO] Profiles total count: 1
2026-09-24 06:54:44.785: [INFO] Profile: name=Profile 1 path=D:\Hibernate\.metadata\.plugins\org.eclipse.swt\EBWebView\Default lastActive=2026-09-22T09:50:40.268Z
2026-09-24 06:54:44.785: [INFO] LastUsedProfileDir: D:\Hibernate\.metadata\.plugins\org.eclipse.swt\EBWebView\Default
2026-09-24 06:54:44.785: [INFO] MostRecentlyActiveProfile: name=Profile 1 path=D:\Hibernate\.metadata\.plugins\org.eclipse.swt\EBWebView\Default lastActive=2026-09-22T09:50:40.268Z
2026-09-24 06:54:44.785: [INFO] OnDoneLoading sync enabled: 0
2026-09-24 06:54:44.785: [INFO] BookmarkModelLoaded, ids_reassigned: 0
2026-09-24 06:54:44.785: [INFO] BookmarksLoadDropped droppedNodes=0
2026-09-24 06:54:44.785: [INFO] BookmarksSnapshot Startup total=0 bar=0 other=0 mobile=0 showBar=0 showBarNTP=1
2026-09-24 06:56:40.998: [INFO] BookmarksSnapshot Shutdown total=0 bar=0 other=0 mobile=0 showBar=0 showBarNTP=1
2026-09-24 08:21:03.593: [INFO] CurrentProfilePath: D:\Hibernate\.metadata\.plugins\org.eclipse.swt\EBWebView\Default
2026-09-24 08:21:03.593: [INFO] Profiles total count: 1
2026-09-24 08:21:03.594: [INFO] Profile: name=Profile 1 path=D:\Hibernate\.metadata\.plugins\org.eclipse.swt\EBWebView\Default lastActive=2026-09-22T09:50:40.268Z
2026-09-24 08:21:03.594: [INFO] LastUsedProfileDir: D:\Hibernate\.metadata\.plugins\org.eclipse.swt\EBWebView\Default
2026-09-24 08:21:03.594: [INFO] MostRecentlyActiveProfile: name=Profile 1 path=D:\Hibernate\.metadata\.plugins\org.eclipse.swt\EBWebView\Default lastActive=2026-09-22T09:50:40.268Z
2026-09-24 08:21:03.594: [INFO] OnDoneLoading sync enabled: 0
2026-09-24 08:21:03.594: [INFO] BookmarkModelLoaded, ids_reassigned: 0
2026-09-24 08:21:03.594: [INFO] BookmarksLoadDropped droppedNodes=0
2026-09-24 08:21:03.594: [INFO] BookmarksSnapshot Startup total=0 bar=0 other=0 mobile=0 showBar=0 showBarNTP=1
2026-09-24 08:21:45.805: [INFO] BookmarksSnapshot Shutdown total=0 bar=0 other=0 mobile=0 showBar=0 showBarNTP=1
2026-09-24 08:23:17.342: [INFO] CurrentProfilePath: D:\Hibernate\.metadata\.plugins\org.eclipse.swt\EBWebView\Default
2026-09-24 08:23:17.342: [INFO] Profiles total count: 1
2026-09-24 08:23:17.342: [INFO] Profile: name=Profile 1 path=D:\Hibernate\.metadata\.plugins\org.eclipse.swt\EBWebView\Default lastActive=2026-09-22T09:50:40.268Z
2026-09-24 08:23:17.342: [INFO] LastUsedProfileDir: D:\Hibernate\.metadata\.plugins\org.eclipse.swt\EBWebView\Default
2026-09-24 08:23:17.342: [INFO] MostRecentlyActiveProfile: name=Profile 1 path=D:\Hibernate\.metadata\.plugins\org.eclipse.swt\EBWebView\Default lastActive=2026-09-22T09:50:40.268Z
2026-09-24 08:23:17.342: [INFO] OnDoneLoading sync enabled: 0
2026-09-24 08:23:17.342: [INFO] BookmarkModelLoaded, ids_reassigned: 0
2026-09-24 08:23:17.342: [INFO] BookmarksLoadDropped droppedNodes=0
2026-09-24 08:23:17.342: [INFO] BookmarksSnapshot Startup total=0 bar=0 other=0 mobile=0 showBar=0 showBarNTP=1
2026-09-24 08:24:47.706: [INFO] BookmarksSnapshot Shutdown total=0 bar=0 other=0 mobile=0 showBar=0 showBarNTP=1
2026-09-24 08:25:02.456: [INFO] CurrentProfilePath: D:\Hibernate\.metadata\.plugins\org.eclipse.swt\EBWebView\Default
2026-09-24 08:25:02.456: [INFO] Profiles total count: 1
2026-09-24 08:25:02.456: [INFO] Profile: name=Profile 1 path=D:\Hibernate\.metadata\.plugins\org.eclipse.swt\EBWebView\Default lastActive=2026-09-22T09:50:40.268Z
2026-09-24 08:25:02.456: [INFO] LastUsedProfileDir: D:\Hibernate\.metadata\.plugins\org.eclipse.swt\EBWebView\Default
2026-09-24 08:25:02.456: [INFO] MostRecentlyActiveProfile: name=Profile 1 path=D:\Hibernate\.metadata\.plugins\org.eclipse.swt\EBWebView\Default lastActive=2026-09-22T09:50:40.268Z
2026-09-24 08:25:02.456: [INFO] OnDoneLoading sync enabled: 0
2026-09-24 08:25:02.456: [INFO] BookmarkModelLoaded, ids_reassigned: 0
2026-09-24 08:25:02.456: [INFO] BookmarksLoadDropped droppedNodes=0
2026-09-24 08:25:02.456: [INFO] BookmarksSnapshot Startup total=0 bar=0 other=0 mobile=0 showBar=0 showBarNTP=1
2026-09-24 08:54:16.459: [INFO] BookmarksSnapshot Shutdown total=0 bar=0 other=0 mobile=0 showBar=0 showBarNTP=1
2026-09-24 09:09:49.783: [INFO] CurrentProfilePath: D:\Hibernate\.metadata\.plugins\org.eclipse.swt\EBWebView\Default
2026-09-24 09:09:49.783: [INFO] Profiles total count: 1
2026-09-24 09:09:49.783: [INFO] Profile: name=Profile 1 path=D:\Hibernate\.metadata\.plugins\org.eclipse.swt\EBWebView\Default lastActive=2026-09-22T09:50:40.268Z
2026-09-24 09:09:49.783: [INFO] LastUsedProfileDir: D:\Hibernate\.metadata\.plugins\org.eclipse.swt\EBWebView\Default
2026-09-24 09:09:49.783: [INFO] MostRecentlyActiveProfile: name=Profile 1 path=D:\Hibernate\.metadata\.plugins\org.eclipse.swt\EBWebView\Default lastActive=2026-09-22T09:50:40.268Z
2026-09-24 09:09:49.783: [INFO] OnDoneLoading sync enabled: 0
2026-09-24 09:09:49.783: [INFO] BookmarkModelLoaded, ids_reassigned: 0
2026-09-24 09:09:49.783: [INFO] BookmarksLoadDropped droppedNodes=0
2026-09-24 09:09:49.783: [INFO] BookmarksSnapshot Startup total=0 bar=0 other=0 mobile=0 showBar=0 showBarNTP=1
2026-09-24 09:09:50.358: [INFO] BookmarksSnapshot Shutdown total=0 bar=0 other=0 mobile=0 showBar=0 showBarNTP=1
2026-09-24 09:10:16.721: [INFO] CurrentProfilePath: D:\Hibernate\.metadata\.plugins\org.eclipse.swt\EBWebView\Default
2026-09-24 09:10:16.721: [INFO] Profiles total count: 1
2026-09-24 09:10:16.721: [INFO] Profile: name=Profile 1 path=D:\Hibernate\.metadata\.plugins\org.eclipse.swt\EBWebView\Default lastActive=2026-09-22T09:50:40.268Z
2026-09-24 09:10:16.721: [INFO] LastUsedProfileDir: D:\Hibernate\.metadata\.plugins\org.eclipse.swt\EBWebView\Default
2026-09-24 09:10:16.721: [INFO] MostRecentlyActiveProfile: name=Profile 1 path=D:\Hibernate\.metadata\.plugins\org.eclipse.swt\EBWebView\Default lastActive=2026-09-22T09:50:40.268Z
2026-09-24 09:10:16.721: [INFO] OnDoneLoading sync enabled: 0
2026-09-24 09:10:16.721: [INFO] BookmarkModelLoaded, ids_reassigned: 0
2026-09-24 09:10:16.721: [INFO] BookmarksLoadDropped droppedNodes=0
2026-09-24 09:10:16.721: [INFO] BookmarksSnapshot Startup total=0 bar=0 other=0 mobile=0 showBar=0 showBarNTP=1
2026-09-24 10:09:55.822: [INFO] CurrentProfilePath: D:\Hibernate\.metadata\.plugins\org.eclipse.swt\EBWebView\Default
2026-09-24 10:09:55.822: [INFO] Profiles total count: 1
2026-09-24 10:09:55.822: [INFO] Profile: name=Profile 1 path=D:\Hibernate\.metadata\.plugins\org.eclipse.swt\EBWebView\Default lastActive=2026-09-22T09:50:40.268Z
2026-09-24 10:09:55.822: [INFO] LastUsedProfileDir: D:\Hibernate\.metadata\.plugins\org.eclipse.swt\EBWebView\Default
2026-09-24 10:09:55.822: [INFO] MostRecentlyActiveProfile: name=Profile 1 path=D:\Hibernate\.metadata\.plugins\org.eclipse.swt\EBWebView\Default lastActive=2026-09-22T09:50:40.268Z
2026-09-24 10:09:55.822: [INFO] OnDoneLoading sync enabled: 0
2026-09-24 10:09:55.822: [INFO] BookmarkModelLoaded, ids_reassigned: 0
2026-09-24 10:09:55.822: [INFO] BookmarksLoadDropped droppedNodes=0
2026-09-24 10:09:55.822: [INFO] BookmarksSnapshot Startup total=0 bar=0 other=0 mobile=0 showBar=0 showBarNTP=1
2026-09-24 11:37:18.713: [INFO] BookmarksSnapshot Shutdown total=0 bar=0 other=0 mobile=0 showBar=0 showBarNTP=1
2026-09-24 18:06:20.699: [INFO] CurrentProfilePath: D:\Hibernate\.metadata\.plugins\org.eclipse.swt\EBWebView\Default
2026-09-24 18:06:20.700: [INFO] Profiles total count: 1
2026-09-24 18:06:20.700: [INFO] Profile: name=Profile 1 path=D:\Hibernate\.metadata\.plugins\org.eclipse.swt\EBWebView\Default lastActive=2026-09-22T09:50:40.268Z
2026-09-24 18:06:20.700: [INFO] LastUsedProfileDir: D:\Hibernate\.metadata\.plugins\org.eclipse.swt\EBWebView\Default
2026-09-24 18:06:20.700: [INFO] MostRecentlyActiveProfile: name=Profile 1 path=D:\Hibernate\.metadata\.plugins\org.eclipse.swt\EBWebView\Default lastActive=2026-09-22T09:50:40.268Z
2026-09-24 18:06:20.700: [INFO] OnDoneLoading sync enabled: 0
2026-09-24 18:06:20.700: [INFO] BookmarkModelLoaded, ids_reassigned: 0
2026-09-24 18:06:20.700: [INFO] BookmarksLoadDropped droppedNodes=0
2026-09-24 18:06:20.700: [INFO] BookmarksSnapshot Startup total=0 bar=0 other=0 mobile=0 showBar=0 showBarNTP=1
2026-09-24 19:23:37.514: [INFO] BookmarksSnapshot Shutdown total=0 bar=0 other=0 mobile=0 showBar=0 showBarNTP=1
2026-09-24 19:27:27.524: [INFO] CurrentProfilePath: D:\Hibernate\.metadata\.plugins\org.eclipse.swt\EBWebView\Default
2026-09-24 19:27:27.525: [INFO] Profiles total count: 1
2026-09-24 19:27:27.525: [INFO] Profile: name=Profile 1 path=D:\Hibernate\.metadata\.plugins\org.eclipse.swt\EBWebView\Default lastActive=2026-09-24T18:12:39.099Z
2026-09-24 19:27:27.525: [INFO] LastUsedProfileDir: D:\Hibernate\.metadata\.plugins\org.eclipse.swt\EBWebView\Default
2026-09-24 19:27:27.525: [INFO] MostRecentlyActiveProfile: name=Profile 1 path=D:\Hibernate\.metadata\.plugins\org.eclipse.swt\EBWebView\Default lastActive=2026-09-24T18:12:39.099Z
2026-09-24 19:27:27.525: [INFO] OnDoneLoading sync enabled: 0
2026-09-24 19:27:27.525: [INFO] BookmarkModelLoaded, ids_reassigned: 0
2026-09-24 19:27:27.525: [INFO] BookmarksLoadDropped droppedNodes=0
2026-09-24 19:27:27.525: [INFO] BookmarksSnapshot Startup total=0 bar=0 other=0 mobile=0 showBar=0 showBarNTP=1
2026-09-24 19:59:14.084: [INFO] BookmarksSnapshot Shutdown total=0 bar=0 other=0 mobile=0 showBar=0 showBarNTP=1
2026-09-25 05:32:03.636: [INFO] CurrentProfilePath: D:\Hibernate\.metadata\.plugins\org.eclipse.swt\EBWebView\Default
2026-09-25 05:32:03.636: [INFO] Profiles total count: 1
2026-09-25 05:32:03.636: [INFO] Profile: name=Profile 1 path=D:\Hibernate\.metadata\.plugins\org.eclipse.swt\EBWebView\Default lastActive=2026-09-24T18:12:39.099Z
2026-09-25 05:32:03.636: [INFO] LastUsedProfileDir: D:\Hibernate\.metadata\.plugins\org.eclipse.swt\EBWebView\Default
2026-09-25 05:32:03.636: [INFO] MostRecentlyActiveProfile: name=Profile 1 path=D:\Hibernate\.metadata\.plugins\org.eclipse.swt\EBWebView\Default lastActive=2026-09-24T18:12:39.099Z
2026-09-25 05:32:03.636: [INFO] OnDoneLoading sync enabled: 0
2026-09-25 05:32:03.636: [INFO] BookmarkModelLoaded, ids_reassigned: 0
2026-09-25 05:32:03.636: [INFO] BookmarksLoadDropped droppedNodes=0
2026-09-25 05:32:03.636: [INFO] BookmarksSnapshot Startup total=0 bar=0 other=0 mobile=0 showBar=0 showBarNTP=1
2026-09-25 05:41:55.548: [INFO] BookmarksSnapshot Shutdown total=0 bar=0 other=0 mobile=0 showBar=0 showBarNTP=1
2026-09-26 16:29:58.475: [INFO] CurrentProfilePath: D:\Hibernate\.metadata\.plugins\org.eclipse.swt\EBWebView\Default
2026-09-26 16:29:58.475: [INFO] Profiles total count: 1
2026-09-26 16:29:58.476: [INFO] Profile: name=Profile 1 path=D:\Hibernate\.metadata\.plugins\org.eclipse.swt\EBWebView\Default lastActive=2026-09-24T18:12:39.099Z
2026-09-26 16:29:58.476: [INFO] LastUsedProfileDir: D:\Hibernate\.metadata\.plugins\org.eclipse.swt\EBWebView\Default
2026-09-26 16:29:58.476: [INFO] MostRecentlyActiveProfile: name=Profile 1 path=D:\Hibernate\.metadata\.plugins\org.eclipse.swt\EBWebView\Default lastActive=2026-09-24T18:12:39.099Z
2026-09-26 16:29:58.476: [INFO] OnDoneLoading sync enabled: 0
2026-09-26 16:29:58.476: [INFO] BookmarkModelLoaded, ids_reassigned: 0
2026-09-26 16:29:58.476: [INFO] BookmarksLoadDropped droppedNodes=0
2026-09-26 16:29:58.476: [INFO] BookmarksSnapshot Startup total=0 bar=0 other=0 mobile=0 showBar=0 showBarNTP=1
2026-09-26 16:32:09.542: [INFO] BookmarksSnapshot Shutdown total=0 bar=0 other=0 mobile=0 showBar=0 showBarNTP=1
2026-09-27 09:42:29.993: [INFO] CurrentProfilePath: D:\Hibernate\.metadata\.plugins\org.eclipse.swt\EBWebView\Default
2026-09-27 09:42:29.993: [INFO] Profiles total count: 1
2026-09-27 09:42:29.993: [INFO] Profile: name=Profile 1 path=D:\Hibernate\.metadata\.plugins\org.eclipse.swt\EBWebView\Default lastActive=2026-09-24T18:12:39.099Z
2026-09-27 09:42:29.993: [INFO] LastUsedProfileDir: D:\Hibernate\.metadata\.plugins\org.eclipse.swt\EBWebView\Default
2026-09-27 09:42:29.993: [INFO] MostRecentlyActiveProfile: name=Profile 1 path=D:\Hibernate\.metadata\.plugins\org.eclipse.swt\EBWebView\Default lastActive=2026-09-24T18:12:39.099Z
2026-09-27 09:42:29.993: [INFO] OnDoneLoading sync enabled: 0
2026-09-27 09:42:29.993: [INFO] BookmarkModelLoaded, ids_reassigned: 0
2026-09-27 09:42:29.993: [INFO] BookmarksLoadDropped droppedNodes=0
2026-09-27 09:42:29.993: [INFO] BookmarksSnapshot Startup total=0 bar=0 other=0 mobile=0 showBar=0 showBarNTP=1
2026-09-27 09:48:24.767: [INFO] BookmarksSnapshot Shutdown total=0 bar=0 other=0 mobile=0 showBar=0 showBarNTP=1
2026-09-27 19:49:46.760: [INFO] CurrentProfilePath: D:\Hibernate\.metadata\.plugins\org.eclipse.swt\EBWebView\Default
2026-09-27 19:49:46.760: [INFO] Profiles total count: 1
2026-09-27 19:49:46.760: [INFO] Profile: name=Profile 1 path=D:\Hibernate\.metadata\.plugins\org.eclipse.swt\EBWebView\Default lastActive=2026-09-24T18:12:39.099Z
2026-09-27 19:49:46.760: [INFO] LastUsedProfileDir: D:\Hibernate\.metadata\.plugins\org.eclipse.swt\EBWebView\Default
2026-09-27 19:49:46.760: [INFO] MostRecentlyActiveProfile: name=Profile 1 path=D:\Hibernate\.metadata\.plugins\org.eclipse.swt\EBWebView\Default lastActive=2026-09-24T18:12:39.099Z
2026-09-27 19:49:46.760: [INFO] OnDoneLoading sync enabled: 0
2026-09-27 19:49:46.760: [INFO] BookmarkModelLoaded, ids_reassigned: 0
2026-09-27 19:49:46.760: [INFO] BookmarksLoadDropped droppedNodes=0
2026-09-27 19:49:46.760: [INFO] BookmarksSnapshot Startup total=0 bar=0 other=0 mobile=0 showBar=0 showBarNTP=1
2026-09-27 19:49:51.156: [INFO] BookmarksSnapshot Shutdown total=0 bar=0 other=0 mobile=0 showBar=0 showBarNTP=1
2026-09-27 19:57:37.919: [INFO] CurrentProfilePath: D:\Hibernate\.metadata\.plugins\org.eclipse.swt\EBWebView\Default
2026-09-27 19:57:37.919: [INFO] Profiles total count: 1
2026-09-27 19:57:37.919: [INFO] Profile: name=Profile 1 path=D:\Hibernate\.metadata\.plugins\org.eclipse.swt\EBWebView\Default lastActive=2026-09-24T18:12:39.099Z
2026-09-27 19:57:37.919: [INFO] LastUsedProfileDir: D:\Hibernate\.metadata\.plugins\org.eclipse.swt\EBWebView\Default
2026-09-27 19:57:37.919: [INFO] MostRecentlyActiveProfile: name=Profile 1 path=D:\Hibernate\.metadata\.plugins\org.eclipse.swt\EBWebView\Default lastActive=2026-09-24T18:12:39.099Z
2026-09-27 19:57:37.919: [INFO] OnDoneLoading sync enabled: 0
2026-09-27 19:57:37.919: [INFO] BookmarkModelLoaded, ids_reassigned: 0
2026-09-27 19:57:37.919: [INFO] BookmarksLoadDropped droppedNodes=0
2026-09-27 19:57:37.919: [INFO] BookmarksSnapshot Startup total=0 bar=0 other=0 mobile=0 showBar=0 showBarNTP=1
2026-09-27 20:01:02.969: [INFO] BookmarksSnapshot Shutdown total=0 bar=0 other=0 mobile=0 showBar=0 showBarNTP=1
2026-09-27 20:15:43.518: [INFO] CurrentProfilePath: D:\Hibernate\.metadata\.plugins\org.eclipse.swt\EBWebView\Default
2026-09-27 20:15:43.518: [INFO] Profiles total count: 1
2026-09-27 20:15:43.518: [INFO] Profile: name=Profile 1 path=D:\Hibernate\.metadata\.plugins\org.eclipse.swt\EBWebView\Default lastActive=2026-09-24T18:12:39.099Z
2026-09-27 20:15:43.518: [INFO] LastUsedProfileDir: D:\Hibernate\.metadata\.plugins\org.eclipse.swt\EBWebView\Default
2026-09-27 20:15:43.518: [INFO] MostRecentlyActiveProfile: name=Profile 1 path=D:\Hibernate\.metadata\.plugins\org.eclipse.swt\EBWebView\Default lastActive=2026-09-24T18:12:39.099Z
2026-09-27 20:15:43.518: [INFO] OnDoneLoading sync enabled: 0
2026-09-27 20:15:43.518: [INFO] BookmarkModelLoaded, ids_reassigned: 0
2026-09-27 20:15:43.518: [INFO] BookmarksLoadDropped droppedNodes=0
2026-09-27 20:15:43.518: [INFO] BookmarksSnapshot Startup total=0 bar=0 other=0 mobile=0 showBar=0 showBarNTP=1
2026-09-27 20:15:46.422: [INFO] BookmarksSnapshot Shutdown total=0 bar=0 other=0 mobile=0 showBar=0 showBarNTP=1
2026-09-27 20:19:02.665: [INFO] CurrentProfilePath: D:\Hibernate\.metadata\.plugins\org.eclipse.swt\EBWebView\Default
2026-09-27 20:19:02.665: [INFO] Profiles total count: 1
2026-09-27 20:19:02.665: [INFO] Profile: name=Profile 1 path=D:\Hibernate\.metadata\.plugins\org.eclipse.swt\EBWebView\Default lastActive=2026-09-24T18:12:39.099Z
2026-09-27 20:19:02.665: [INFO] LastUsedProfileDir: D:\Hibernate\.metadata\.plugins\org.eclipse.swt\EBWebView\Default
2026-09-27 20:19:02.665: [INFO] MostRecentlyActiveProfile: name=Profile 1 path=D:\Hibernate\.metadata\.plugins\org.eclipse.swt\EBWebView\Default lastActive=2026-09-24T18:12:39.099Z
2026-09-27 20:19:02.665: [INFO] OnDoneLoading sync enabled: 0
2026-09-27 20:19:02.665: [INFO] BookmarkModelLoaded, ids_reassigned: 0
2026-09-27 20:19:02.665: [INFO] BookmarksLoadDropped droppedNodes=0
2026-09-27 20:19:02.665: [INFO] BookmarksSnapshot Startup total=0 bar=0 other=0 mobile=0 showBar=0 showBarNTP=1
2026-09-27 20:55:16.806: [INFO] BookmarksSnapshot Shutdown total=0 bar=0 other=0 mobile=0 showBar=0 showBarNTP=1
2026-09-27 20:57:01.301: [INFO] CurrentProfilePath: D:\Hibernate\.metadata\.plugins\org.eclipse.swt\EBWebView\Default
2026-09-27 20:57:01.301: [INFO] Profiles total count: 1
2026-09-27 20:57:01.302: [INFO] Profile: name=Profile 1 path=D:\Hibernate\.metadata\.plugins\org.eclipse.swt\EBWebView\Default lastActive=2026-09-24T18:12:39.099Z
2026-09-27 20:57:01.302: [INFO] LastUsedProfileDir: D:\Hibernate\.metadata\.plugins\org.eclipse.swt\EBWebView\Default
2026-09-27 20:57:01.302: [INFO] MostRecentlyActiveProfile: name=Profile 1 path=D:\Hibernate\.metadata\.plugins\org.eclipse.swt\EBWebView\Default lastActive=2026-09-24T18:12:39.099Z
2026-09-27 20:57:01.302: [INFO] OnDoneLoading sync enabled: 0
2026-09-27 20:57:01.302: [INFO] BookmarkModelLoaded, ids_reassigned: 0
2026-09-27 20:57:01.302: [INFO] BookmarksLoadDropped droppedNodes=0
2026-09-27 20:57:01.302: [INFO] BookmarksSnapshot Startup total=0 bar=0 other=0 mobile=0 showBar=0 showBarNTP=1
2026-09-27 22:18:15.737: [INFO] BookmarksSnapshot Shutdown total=0 bar=0 other=0 mobile=0 showBar=0 showBarNTP=1
2026-09-28 11:39:35.559: [INFO] CurrentProfilePath: D:\Hibernate\.metadata\.plugins\org.eclipse.swt\EBWebView\Default
2026-09-28 11:39:35.559: [INFO] Profiles total count: 1
2026-09-28 11:39:35.559: [INFO] Profile: name=Profile 1 path=D:\Hibernate\.metadata\.plugins\org.eclipse.swt\EBWebView\Default lastActive=2026-09-24T18:12:39.099Z
2026-09-28 11:39:35.559: [INFO] LastUsedProfileDir: D:\Hibernate\.metadata\.plugins\org.eclipse.swt\EBWebView\Default
2026-09-28 11:39:35.559: [INFO] MostRecentlyActiveProfile: name=Profile 1 path=D:\Hibernate\.metadata\.plugins\org.eclipse.swt\EBWebView\Default lastActive=2026-09-24T18:12:39.099Z
2026-09-28 11:39:35.559: [INFO] OnDoneLoading sync enabled: 0
2026-09-28 11:39:35.559: [INFO] BookmarkModelLoaded, ids_reassigned: 0
2026-09-28 11:39:35.559: [INFO] BookmarksLoadDropped droppedNodes=0
2026-09-28 11:39:35.559: [INFO] BookmarksSnapshot Startup total=0 bar=0 other=0 mobile=0 showBar=0 showBarNTP=1
2026-09-28 11:48:50.925: [INFO] BookmarksSnapshot Shutdown total=0 bar=0 other=0 mobile=0 showBar=0 showBarNTP=1
2026-09-28 11:48:50.987: [INFO] CurrentProfilePath: D:\Hibernate\.metadata\.plugins\org.eclipse.swt\EBWebView\Default
2026-09-28 11:48:50.987: [INFO] Profiles total count: 1
2026-09-28 11:48:50.987: [INFO] Profile: name=Profile 1 path=D:\Hibernate\.metadata\.plugins\org.eclipse.swt\EBWebView\Default lastActive=2026-09-24T18:12:39.099Z
2026-09-28 11:48:50.987: [INFO] LastUsedProfileDir: D:\Hibernate\.metadata\.plugins\org.eclipse.swt\EBWebView\Default
2026-09-28 11:48:50.987: [INFO] MostRecentlyActiveProfile: name=Profile 1 path=D:\Hibernate\.metadata\.plugins\org.eclipse.swt\EBWebView\Default lastActive=2026-09-24T18:12:39.099Z
2026-09-28 11:48:50.987: [INFO] OnDoneLoading sync enabled: 0
2026-09-28 11:48:50.987: [INFO] BookmarkModelLoaded, ids_reassigned: 0
2026-09-28 11:48:50.987: [INFO] BookmarksLoadDropped droppedNodes=0
2026-09-28 11:48:50.987: [INFO] BookmarksSnapshot Startup total=0 bar=0 other=0 mobile=0 showBar=0 showBarNTP=1
2026-09-28 11:57:58.174: [INFO] BookmarksSnapshot Shutdown total=0 bar=0 other=0 mobile=0 showBar=0 showBarNTP=1
2026-10-02 12:25:34.566: [INFO] CurrentProfilePath: D:\Hibernate\.metadata\.plugins\org.eclipse.swt\EBWebView\Default
2026-10-02 12:25:34.566: [INFO] Profiles total count: 1
2026-10-02 12:25:34.566: [INFO] Profile: name=Profile 1 path=D:\Hibernate\.metadata\.plugins\org.eclipse.swt\EBWebView\Default lastActive=2026-09-28T11:51:20.261Z
2026-10-02 12:25:34.566: [INFO] LastUsedProfileDir: D:\Hibernate\.metadata\.plugins\org.eclipse.swt\EBWebView\Default
2026-10-02 12:25:34.566: [INFO] MostRecentlyActiveProfile: name=Profile 1 path=D:\Hibernate\.metadata\.plugins\org.eclipse.swt\EBWebView\Default lastActive=2026-09-28T11:51:20.261Z
2026-10-02 12:25:34.566: [INFO] OnDoneLoading sync enabled: 0
2026-10-02 12:25:34.566: [INFO] BookmarkModelLoaded, ids_reassigned: 0
2026-10-02 12:25:34.566: [INFO] BookmarksLoadDropped droppedNodes=0
2026-10-02 12:25:34.566: [INFO] BookmarksSnapshot Startup total=0 bar=0 other=0 mobile=0 showBar=0 showBarNTP=1
2026-10-02 12:32:36.457: [INFO] BookmarksSnapshot Shutdown total=0 bar=0 other=0 mobile=0 showBar=0 showBarNTP=1
2026-10-02 14:17:52.494: [INFO] CurrentProfilePath: D:\Hibernate\.metadata\.plugins\org.eclipse.swt\EBWebView\Default
2026-10-02 14:17:52.494: [INFO] Profiles total count: 1
2026-10-02 14:17:52.494: [INFO] Profile: name=Profile 1 path=D:\Hibernate\.metadata\.plugins\org.eclipse.swt\EBWebView\Default lastActive=2026-09-28T11:51:20.261Z
2026-10-02 14:17:52.494: [INFO] LastUsedProfileDir: D:\Hibernate\.metadata\.plugins\org.eclipse.swt\EBWebView\Default
2026-10-02 14:17:52.494: [INFO] MostRecentlyActiveProfile: name=Profile 1 path=D:\Hibernate\.metadata\.plugins\org.eclipse.swt\EBWebView\Default lastActive=2026-09-28T11:51:20.261Z
2026-10-02 14:17:52.494: [INFO] OnDoneLoading sync enabled: 0
2026-10-02 14:17:52.494: [INFO] BookmarkModelLoaded, ids_reassigned: 0
2026-10-02 14:17:52.494: [INFO] BookmarksLoadDropped droppedNodes=0
2026-10-02 14:17:52.494: [INFO] BookmarksSnapshot Startup total=0 bar=0 other=0 mobile=0 showBar=0 showBarNTP=1
2026-10-02 14:18:44.943: [INFO] BookmarksSnapshot Shutdown total=0 bar=0 other=0 mobile=0 showBar=0 showBarNTP=1
2026-10-02 14:26:08.278: [INFO] CurrentProfilePath: D:\Hibernate\.metadata\.plugins\org.eclipse.swt\EBWebView\Default
2026-10-02 14:26:08.278: [INFO] Profiles total count: 1
2026-10-02 14:26:08.278: [INFO] Profile: name=Profile 1 path=D:\Hibernate\.metadata\.plugins\org.eclipse.swt\EBWebView\Default lastActive=2026-09-28T11:51:20.261Z
2026-10-02 14:26:08.278: [INFO] LastUsedProfileDir: D:\Hibernate\.metadata\.plugins\org.eclipse.swt\EBWebView\Default
2026-10-02 14:26:08.278: [INFO] MostRecentlyActiveProfile: name=Profile 1 path=D:\Hibernate\.metadata\.plugins\org.eclipse.swt\EBWebView\Default lastActive=2026-09-28T11:51:20.261Z
2026-10-02 14:26:08.278: [INFO] OnDoneLoading sync enabled: 0
2026-10-02 14:26:08.278: [INFO] BookmarkModelLoaded, ids_reassigned: 0
2026-10-02 14:26:08.278: [INFO] BookmarksLoadDropped droppedNodes=0
2026-10-02 14:26:08.278: [INFO] BookmarksSnapshot Startup total=0 bar=0 other=0 mobile=0 showBar=0 showBarNTP=1
2026-10-02 14:26:37.754: [INFO] BookmarksSnapshot Shutdown total=0 bar=0 other=0 mobile=0 showBar=0 showBarNTP=1
2026-10-02 14:39:58.909: [INFO] CurrentProfilePath: D:\Hibernate\.metadata\.plugins\org.eclipse.swt\EBWebView\Default
2026-10-02 14:39:58.909: [INFO] Profiles total count: 1
2026-10-02 14:39:58.909: [INFO] Profile: name=Profile 1 path=D:\Hibernate\.metadata\.plugins\org.eclipse.swt\EBWebView\Default lastActive=2026-09-28T11:51:20.261Z
2026-10-02 14:39:58.909: [INFO] LastUsedProfileDir: D:\Hibernate\.metadata\.plugins\org.eclipse.swt\EBWebView\Default
2026-10-02 14:39:58.909: [INFO] MostRecentlyActiveProfile: name=Profile 1 path=D:\Hibernate\.metadata\.plugins\org.eclipse.swt\EBWebView\Default lastActive=2026-09-28T11:51:20.261Z
2026-10-02 14:39:58.909: [INFO] OnDoneLoading sync enabled: 0
2026-10-02 14:39:58.909: [INFO] BookmarkModelLoaded, ids_reassigned: 0
2026-10-02 14:39:58.909: [INFO] BookmarksLoadDropped droppedNodes=0
2026-10-02 14:39:58.909: [INFO] BookmarksSnapshot Startup total=0 bar=0 other=0 mobile=0 showBar=0 showBarNTP=1
2026-10-02 14:50:20.917: [INFO] BookmarksSnapshot Shutdown total=0 bar=0 other=0 mobile=0 showBar=0 showBarNTP=1
2026-10-03 05:41:32.542: [INFO] CurrentProfilePath: D:\Hibernate\.metadata\.plugins\org.eclipse.swt\EBWebView\Default
2026-10-03 05:41:32.542: [INFO] Profiles total count: 1
2026-10-03 05:41:32.542: [INFO] Profile: name=Profile 1 path=D:\Hibernate\.metadata\.plugins\org.eclipse.swt\EBWebView\Default lastActive=2026-09-28T11:51:20.261Z
2026-10-03 05:41:32.542: [INFO] LastUsedProfileDir: D:\Hibernate\.metadata\.plugins\org.eclipse.swt\EBWebView\Default
2026-10-03 05:41:32.542: [INFO] MostRecentlyActiveProfile: name=Profile 1 path=D:\Hibernate\.metadata\.plugins\org.eclipse.swt\EBWebView\Default lastActive=2026-09-28T11:51:20.261Z
2026-10-03 05:41:32.542: [INFO] OnDoneLoading sync enabled: 0
2026-10-03 05:41:32.542: [INFO] BookmarkModelLoaded, ids_reassigned: 0
2026-10-03 05:41:32.542: [INFO] BookmarksLoadDropped droppedNodes=0
2026-10-03 05:41:32.542: [INFO] BookmarksSnapshot Startup total=0 bar=0 other=0 mobile=0 showBar=0 showBarNTP=1
2026-10-03 06:46:22.574: [INFO] CurrentProfilePath: D:\Hibernate\.metadata\.plugins\org.eclipse.swt\EBWebView\Default
2026-10-03 06:46:22.574: [INFO] Profiles total count: 1
2026-10-03 06:46:22.574: [INFO] Profile: name=Profile 1 path=D:\Hibernate\.metadata\.plugins\org.eclipse.swt\EBWebView\Default lastActive=2026-09-28T11:51:20.261Z
2026-10-03 06:46:22.574: [INFO] LastUsedProfileDir: D:\Hibernate\.metadata\.plugins\org.eclipse.swt\EBWebView\Default
2026-10-03 06:46:22.574: [INFO] MostRecentlyActiveProfile: name=Profile 1 path=D:\Hibernate\.metadata\.plugins\org.eclipse.swt\EBWebView\Default lastActive=2026-09-28T11:51:20.261Z
2026-10-03 06:46:22.574: [INFO] OnDoneLoading sync enabled: 0
2026-10-03 06:46:22.574: [INFO] BookmarkModelLoaded, ids_reassigned: 0
2026-10-03 06:46:22.574: [INFO] BookmarksLoadDropped droppedNodes=0
2026-10-03 06:46:22.574: [INFO] BookmarksSnapshot Startup total=0 bar=0 other=0 mobile=0 showBar=0 showBarNTP=1
2026-10-03 06:46:27.045: [INFO] BookmarksSnapshot Shutdown total=0 bar=0 other=0 mobile=0 showBar=0 showBarNTP=1
2026-10-03 06:47:30.246: [INFO] CurrentProfilePath: D:\Hibernate\.metadata\.plugins\org.eclipse.swt\EBWebView\Default
2026-10-03 06:47:30.246: [INFO] Profiles total count: 1
2026-10-03 06:47:30.246: [INFO] Profile: name=Profile 1 path=D:\Hibernate\.metadata\.plugins\org.eclipse.swt\EBWebView\Default lastActive=2026-09-28T11:51:20.261Z
2026-10-03 06:47:30.246: [INFO] LastUsedProfileDir: D:\Hibernate\.metadata\.plugins\org.eclipse.swt\EBWebView\Default
2026-10-03 06:47:30.246: [INFO] MostRecentlyActiveProfile: name=Profile 1 path=D:\Hibernate\.metadata\.plugins\org.eclipse.swt\EBWebView\Default lastActive=2026-09-28T11:51:20.261Z
2026-10-03 06:47:30.246: [INFO] OnDoneLoading sync enabled: 0
2026-10-03 06:47:30.246: [INFO] BookmarkModelLoaded, ids_reassigned: 0
2026-10-03 06:47:30.246: [INFO] BookmarksLoadDropped droppedNodes=0
2026-10-03 06:47:30.246: [INFO] BookmarksSnapshot Startup total=0 bar=0 other=0 mobile=0 showBar=0 showBarNTP=1
2026-10-03 06:47:38.449: [INFO] BookmarksSnapshot Shutdown total=0 bar=0 other=0 mobile=0 showBar=0 showBarNTP=1
2026-10-03 06:47:59.229: [INFO] CurrentProfilePath: D:\Hibernate\.metadata\.plugins\org.eclipse.swt\EBWebView\Default
2026-10-03 06:47:59.229: [INFO] Profiles total count: 1
2026-10-03 06:47:59.229: [INFO] Profile: name=Profile 1 path=D:\Hibernate\.metadata\.plugins\org.eclipse.swt\EBWebView\Default lastActive=2026-09-28T11:51:20.261Z
2026-10-03 06:47:59.229: [INFO] LastUsedProfileDir: D:\Hibernate\.metadata\.plugins\org.eclipse.swt\EBWebView\Default
2026-10-03 06:47:59.229: [INFO] MostRecentlyActiveProfile: name=Profile 1 path=D:\Hibernate\.metadata\.plugins\org.eclipse.swt\EBWebView\Default lastActive=2026-09-28T11:51:20.261Z
2026-10-03 06:47:59.229: [INFO] OnDoneLoading sync enabled: 0
2026-10-03 06:47:59.229: [INFO] BookmarkModelLoaded, ids_reassigned: 0
2026-10-03 06:47:59.229: [INFO] BookmarksLoadDropped droppedNodes=0
2026-10-03 06:47:59.229: [INFO] BookmarksSnapshot Startup total=0 bar=0 other=0 mobile=0 showBar=0 showBarNTP=1
2026-10-03 06:48:19.752: [INFO] BookmarksSnapshot Shutdown total=0 bar=0 other=0 mobile=0 showBar=0 showBarNTP=1
2026-10-03 06:50:32.553: [INFO] CurrentProfilePath: D:\Hibernate\.metadata\.plugins\org.eclipse.swt\EBWebView\Default
2026-10-03 06:50:32.553: [INFO] Profiles total count: 1
2026-10-03 06:50:32.553: [INFO] Profile: name=Profile 1 path=D:\Hibernate\.metadata\.plugins\org.eclipse.swt\EBWebView\Default lastActive=2026-09-28T11:51:20.261Z
2026-10-03 06:50:32.553: [INFO] LastUsedProfileDir: D:\Hibernate\.metadata\.plugins\org.eclipse.swt\EBWebView\Default
2026-10-03 06:50:32.553: [INFO] MostRecentlyActiveProfile: name=Profile 1 path=D:\Hibernate\.metadata\.plugins\org.eclipse.swt\EBWebView\Default lastActive=2026-09-28T11:51:20.261Z
2026-10-03 06:50:32.553: [INFO] OnDoneLoading sync enabled: 0
2026-10-03 06:50:32.553: [INFO] BookmarkModelLoaded, ids_reassigned: 0
2026-10-03 06:50:32.553: [INFO] BookmarksLoadDropped droppedNodes=0
2026-10-03 06:50:32.553: [INFO] BookmarksSnapshot Startup total=0 bar=0 other=0 mobile=0 showBar=0 showBarNTP=1
2026-10-03 06:50:44.249: [INFO] BookmarksSnapshot Shutdown total=0 bar=0 other=0 mobile=0 showBar=0 showBarNTP=1
2026-10-03 06:50:56.908: [INFO] CurrentProfilePath: D:\Hibernate\.metadata\.plugins\org.eclipse.swt\EBWebView\Default
2026-10-03 06:50:56.908: [INFO] Profiles total count: 1
2026-10-03 06:50:56.909: [INFO] Profile: name=Profile 1 path=D:\Hibernate\.metadata\.plugins\org.eclipse.swt\EBWebView\Default lastActive=2026-09-28T11:51:20.261Z
2026-10-03 06:50:56.909: [INFO] LastUsedProfileDir: D:\Hibernate\.metadata\.plugins\org.eclipse.swt\EBWebView\Default
2026-10-03 06:50:56.909: [INFO] MostRecentlyActiveProfile: name=Profile 1 path=D:\Hibernate\.metadata\.plugins\org.eclipse.swt\EBWebView\Default lastActive=2026-09-28T11:51:20.261Z
2026-10-03 06:50:56.909: [INFO] OnDoneLoading sync enabled: 0
2026-10-03 06:50:56.909: [INFO] BookmarkModelLoaded, ids_reassigned: 0
2026-10-03 06:50:56.909: [INFO] BookmarksLoadDropped droppedNodes=0
2026-10-03 06:50:56.909: [INFO] BookmarksSnapshot Startup total=0 bar=0 other=0 mobile=0 showBar=0 showBarNTP=1
2026-10-03 06:51:16.640: [INFO] BookmarksSnapshot Shutdown total=0 bar=0 other=0 mobile=0 showBar=0 showBarNTP=1
2026-10-03 07:03:18.959: [INFO] CurrentProfilePath: D:\Hibernate\.metadata\.plugins\org.eclipse.swt\EBWebView\Default
2026-10-03 07:03:18.959: [INFO] Profiles total count: 1
2026-10-03 07:03:18.959: [INFO] Profile: name=Profile 1 path=D:\Hibernate\.metadata\.plugins\org.eclipse.swt\EBWebView\Default lastActive=2026-09-28T11:51:20.261Z
2026-10-03 07:03:18.959: [INFO] LastUsedProfileDir: D:\Hibernate\.metadata\.plugins\org.eclipse.swt\EBWebView\Default
2026-10-03 07:03:18.959: [INFO] MostRecentlyActiveProfile: name=Profile 1 path=D:\Hibernate\.metadata\.plugins\org.eclipse.swt\EBWebView\Default lastActive=2026-09-28T11:51:20.261Z
2026-10-03 07:03:18.959: [INFO] OnDoneLoading sync enabled: 0
2026-10-03 07:03:18.959: [INFO] BookmarkModelLoaded, ids_reassigned: 0
2026-10-03 07:03:18.959: [INFO] BookmarksLoadDropped droppedNodes=0
2026-10-03 07:03:18.959: [INFO] BookmarksSnapshot Startup total=0 bar=0 other=0 mobile=0 showBar=0 showBarNTP=1
2026-10-03 07:03:22.939: [INFO] BookmarksSnapshot Shutdown total=0 bar=0 other=0 mobile=0 showBar=0 showBarNTP=1
2026-10-03 07:03:55.887: [INFO] CurrentProfilePath: D:\Hibernate\.metadata\.plugins\org.eclipse.swt\EBWebView\Default
2026-10-03 07:03:55.887: [INFO] Profiles total count: 1
2026-10-03 07:03:55.887: [INFO] Profile: name=Profile 1 path=D:\Hibernate\.metadata\.plugins\org.eclipse.swt\EBWebView\Default lastActive=2026-09-28T11:51:20.261Z
2026-10-03 07:03:55.887: [INFO] LastUsedProfileDir: D:\Hibernate\.metadata\.plugins\org.eclipse.swt\EBWebView\Default
2026-10-03 07:03:55.887: [INFO] MostRecentlyActiveProfile: name=Profile 1 path=D:\Hibernate\.metadata\.plugins\org.eclipse.swt\EBWebView\Default lastActive=2026-09-28T11:51:20.261Z
2026-10-03 07:03:55.887: [INFO] OnDoneLoading sync enabled: 0
2026-10-03 07:03:55.887: [INFO] BookmarkModelLoaded, ids_reassigned: 0
2026-10-03 07:03:55.887: [INFO] BookmarksLoadDropped droppedNodes=0
2026-10-03 07:03:55.887: [INFO] BookmarksSnapshot Startup total=0 bar=0 other=0 mobile=0 showBar=0 showBarNTP=1
2026-10-03 07:03:59.958: [INFO] BookmarksSnapshot Shutdown total=0 bar=0 other=0 mobile=0 showBar=0 showBarNTP=1
2026-10-03 07:04:07.620: [INFO] CurrentProfilePath: D:\Hibernate\.metadata\.plugins\org.eclipse.swt\EBWebView\Default
2026-10-03 07:04:07.620: [INFO] Profiles total count: 1
2026-10-03 07:04:07.620: [INFO] Profile: name=Profile 1 path=D:\Hibernate\.metadata\.plugins\org.eclipse.swt\EBWebView\Default lastActive=2026-09-28T11:51:20.261Z
2026-10-03 07:04:07.620: [INFO] LastUsedProfileDir: D:\Hibernate\.metadata\.plugins\org.eclipse.swt\EBWebView\Default
2026-10-03 07:04:07.620: [INFO] MostRecentlyActiveProfile: name=Profile 1 path=D:\Hibernate\.metadata\.plugins\org.eclipse.swt\EBWebView\Default lastActive=2026-09-28T11:51:20.261Z
2026-10-03 07:04:07.620: [INFO] OnDoneLoading sync enabled: 0
2026-10-03 07:04:07.620: [INFO] BookmarkModelLoaded, ids_reassigned: 0
2026-10-03 07:04:07.620: [INFO] BookmarksLoadDropped droppedNodes=0
2026-10-03 07:04:07.620: [INFO] BookmarksSnapshot Startup total=0 bar=0 other=0 mobile=0 showBar=0 showBarNTP=1
2026-10-03 07:04:10.524: [INFO] BookmarksSnapshot Shutdown total=0 bar=0 other=0 mobile=0 showBar=0 showBarNTP=1
2026-10-03 07:11:10.829: [INFO] CurrentProfilePath: D:\Hibernate\.metadata\.plugins\org.eclipse.swt\EBWebView\Default
2026-10-03 07:11:10.829: [INFO] Profiles total count: 1
2026-10-03 07:11:10.829: [INFO] Profile: name=Profile 1 path=D:\Hibernate\.metadata\.plugins\org.eclipse.swt\EBWebView\Default lastActive=2026-09-28T11:51:20.261Z
2026-10-03 07:11:10.829: [INFO] LastUsedProfileDir: D:\Hibernate\.metadata\.plugins\org.eclipse.swt\EBWebView\Default
2026-10-03 07:11:10.829: [INFO] MostRecentlyActiveProfile: name=Profile 1 path=D:\Hibernate\.metadata\.plugins\org.eclipse.swt\EBWebView\Default lastActive=2026-09-28T11:51:20.261Z
2026-10-03 07:11:10.829: [INFO] OnDoneLoading sync enabled: 0
2026-10-03 07:11:10.829: [INFO] BookmarkModelLoaded, ids_reassigned: 0
2026-10-03 07:11:10.829: [INFO] BookmarksLoadDropped droppedNodes=0
2026-10-03 07:11:10.829: [INFO] BookmarksSnapshot Startup total=0 bar=0 other=0 mobile=0 showBar=0 showBarNTP=1
2026-10-03 08:08:50.224: [INFO] BookmarksSnapshot Shutdown total=0 bar=0 other=0 mobile=0 showBar=0 showBarNTP=1
2026-10-03 08:16:22.604: [INFO] CurrentProfilePath: D:\Hibernate\.metadata\.plugins\org.eclipse.swt\EBWebView\Default
2026-10-03 08:16:22.604: [INFO] Profiles total count: 1
2026-10-03 08:16:22.604: [INFO] Profile: name=Profile 1 path=D:\Hibernate\.metadata\.plugins\org.eclipse.swt\EBWebView\Default lastActive=2026-09-28T11:51:20.261Z
2026-10-03 08:16:22.604: [INFO] LastUsedProfileDir: D:\Hibernate\.metadata\.plugins\org.eclipse.swt\EBWebView\Default
2026-10-03 08:16:22.604: [INFO] MostRecentlyActiveProfile: name=Profile 1 path=D:\Hibernate\.metadata\.plugins\org.eclipse.swt\EBWebView\Default lastActive=2026-09-28T11:51:20.261Z
2026-10-03 08:16:22.604: [INFO] OnDoneLoading sync enabled: 0
2026-10-03 08:16:22.604: [INFO] BookmarkModelLoaded, ids_reassigned: 0
2026-10-03 08:16:22.604: [INFO] BookmarksLoadDropped droppedNodes=0
2026-10-03 08:16:22.604: [INFO] BookmarksSnapshot Startup total=0 bar=0 other=0 mobile=0 showBar=0 showBarNTP=1
2026-10-03 08:27:49.600: [INFO] BookmarksSnapshot Shutdown total=0 bar=0 other=0 mobile=0 showBar=0 showBarNTP=1
2026-10-03 08:33:00.207: [INFO] CurrentProfilePath: D:\Hibernate\.metadata\.plugins\org.eclipse.swt\EBWebView\Default
2026-10-03 08:33:00.207: [INFO] Profiles total count: 1
2026-10-03 08:33:00.207: [INFO] Profile: name=Profile 1 path=D:\Hibernate\.metadata\.plugins\org.eclipse.swt\EBWebView\Default lastActive=2026-09-28T11:51:20.261Z
2026-10-03 08:33:00.207: [INFO] LastUsedProfileDir: D:\Hibernate\.metadata\.plugins\org.eclipse.swt\EBWebView\Default
2026-10-03 08:33:00.207: [INFO] MostRecentlyActiveProfile: name=Profile 1 path=D:\Hibernate\.metadata\.plugins\org.eclipse.swt\EBWebView\Default lastActive=2026-09-28T11:51:20.261Z
2026-10-03 08:33:00.207: [INFO] OnDoneLoading sync enabled: 0
2026-10-03 08:33:00.207: [INFO] BookmarkModelLoaded, ids_reassigned: 0
2026-10-03 08:33:00.207: [INFO] BookmarksLoadDropped droppedNodes=0
2026-10-03 08:33:00.207: [INFO] BookmarksSnapshot Startup total=0 bar=0 other=0 mobile=0 showBar=0 showBarNTP=1
2026-10-03 08:33:09.259: [INFO] BookmarksSnapshot Shutdown total=0 bar=0 other=0 mobile=0 showBar=0 showBarNTP=1
2026-10-03 08:37:26.657: [INFO] CurrentProfilePath: D:\Hibernate\.metadata\.plugins\org.eclipse.swt\EBWebView\Default
2026-10-03 08:37:26.657: [INFO] Profiles total count: 1
2026-10-03 08:37:26.657: [INFO] Profile: name=Profile 1 path=D:\Hibernate\.metadata\.plugins\org.eclipse.swt\EBWebView\Default lastActive=2026-09-28T11:51:20.261Z
2026-10-03 08:37:26.657: [INFO] LastUsedProfileDir: D:\Hibernate\.metadata\.plugins\org.eclipse.swt\EBWebView\Default
2026-10-03 08:37:26.657: [INFO] MostRecentlyActiveProfile: name=Profile 1 path=D:\Hibernate\.metadata\.plugins\org.eclipse.swt\EBWebView\Default lastActive=2026-09-28T11:51:20.261Z
2026-10-03 08:37:26.657: [INFO] OnDoneLoading sync enabled: 0
2026-10-03 08:37:26.657: [INFO] BookmarkModelLoaded, ids_reassigned: 0
2026-10-03 08:37:26.657: [INFO] BookmarksLoadDropped droppedNodes=0
2026-10-03 08:37:26.657: [INFO] BookmarksSnapshot Startup total=0 bar=0 other=0 mobile=0 showBar=0 showBarNTP=1
2026-10-03 08:37:38.492: [INFO] BookmarksSnapshot Shutdown total=0 bar=0 other=0 mobile=0 showBar=0 showBarNTP=1
2026-10-03 08:40:55.835: [INFO] CurrentProfilePath: D:\Hibernate\.metadata\.plugins\org.eclipse.swt\EBWebView\Default
2026-10-03 08:40:55.835: [INFO] Profiles total count: 1
2026-10-03 08:40:55.835: [INFO] Profile: name=Profile 1 path=D:\Hibernate\.metadata\.plugins\org.eclipse.swt\EBWebView\Default lastActive=2026-09-28T11:51:20.261Z
2026-10-03 08:40:55.835: [INFO] LastUsedProfileDir: D:\Hibernate\.metadata\.plugins\org.eclipse.swt\EBWebView\Default
2026-10-03 08:40:55.835: [INFO] MostRecentlyActiveProfile: name=Profile 1 path=D:\Hibernate\.metadata\.plugins\org.eclipse.swt\EBWebView\Default lastActive=2026-09-28T11:51:20.261Z
2026-10-03 08:40:55.835: [INFO] OnDoneLoading sync enabled: 0
2026-10-03 08:40:55.835: [INFO] BookmarkModelLoaded, ids_reassigned: 0
2026-10-03 08:40:55.835: [INFO] BookmarksLoadDropped droppedNodes=0
2026-10-03 08:40:55.835: [INFO] BookmarksSnapshot Startup total=0 bar=0 other=0 mobile=0 showBar=0 showBarNTP=1
2026-10-03 08:43:47.252: [INFO] BookmarksSnapshot Shutdown total=0 bar=0 other=0 mobile=0 showBar=0 showBarNTP=1
2026-10-03 09:32:55.706: [INFO] CurrentProfilePath: D:\Hibernate\.metadata\.plugins\org.eclipse.swt\EBWebView\Default
2026-10-03 09:32:55.706: [INFO] Profiles total count: 1
2026-10-03 09:32:55.706: [INFO] Profile: name=Profile 1 path=D:\Hibernate\.metadata\.plugins\org.eclipse.swt\EBWebView\Default lastActive=2026-09-28T11:51:20.261Z
2026-10-03 09:32:55.706: [INFO] LastUsedProfileDir: D:\Hibernate\.metadata\.plugins\org.eclipse.swt\EBWebView\Default
2026-10-03 09:32:55.706: [INFO] MostRecentlyActiveProfile: name=Profile 1 path=D:\Hibernate\.metadata\.plugins\org.eclipse.swt\EBWebView\Default lastActive=2026-09-28T11:51:20.261Z
2026-10-03 09:32:55.706: [INFO] OnDoneLoading sync enabled: 0
2026-10-03 09:32:55.706: [INFO] BookmarkModelLoaded, ids_reassigned: 0
2026-10-03 09:32:55.706: [INFO] BookmarksLoadDropped droppedNodes=0
2026-10-03 09:32:55.706: [INFO] BookmarksSnapshot Startup total=0 bar=0 other=0 mobile=0 showBar=0 showBarNTP=1
2026-10-03 09:32:58.887: [INFO] BookmarksSnapshot Shutdown total=0 bar=0 other=0 mobile=0 showBar=0 showBarNTP=1
2026-10-03 09:37:09.530: [INFO] CurrentProfilePath: D:\Hibernate\.metadata\.plugins\org.eclipse.swt\EBWebView\Default
2026-10-03 09:37:09.530: [INFO] Profiles total count: 1
2026-10-03 09:37:09.530: [INFO] Profile: name=Profile 1 path=D:\Hibernate\.metadata\.plugins\org.eclipse.swt\EBWebView\Default lastActive=2026-09-28T11:51:20.261Z
2026-10-03 09:37:09.530: [INFO] LastUsedProfileDir: D:\Hibernate\.metadata\.plugins\org.eclipse.swt\EBWebView\Default
2026-10-03 09:37:09.530: [INFO] MostRecentlyActiveProfile: name=Profile 1 path=D:\Hibernate\.metadata\.plugins\org.eclipse.swt\EBWebView\Default lastActive=2026-09-28T11:51:20.261Z
2026-10-03 09:37:09.530: [INFO] OnDoneLoading sync enabled: 0
2026-10-03 09:37:09.530: [INFO] BookmarkModelLoaded, ids_reassigned: 0
2026-10-03 09:37:09.530: [INFO] BookmarksLoadDropped droppedNodes=0
2026-10-03 09:37:09.530: [INFO] BookmarksSnapshot Startup total=0 bar=0 other=0 mobile=0 showBar=0 showBarNTP=1
2026-10-03 09:37:09.627: [INFO] BookmarksSnapshot Shutdown total=0 bar=0 other=0 mobile=0 showBar=0 showBarNTP=1
2026-10-03 09:38:09.036: [INFO] CurrentProfilePath: D:\Hibernate\.metadata\.plugins\org.eclipse.swt\EBWebView\Default
2026-10-03 09:38:09.036: [INFO] Profiles total count: 1
2026-10-03 09:38:09.036: [INFO] Profile: name=Profile 1 path=D:\Hibernate\.metadata\.plugins\org.eclipse.swt\EBWebView\Default lastActive=2026-09-28T11:51:20.261Z
2026-10-03 09:38:09.036: [INFO] LastUsedProfileDir: D:\Hibernate\.metadata\.plugins\org.eclipse.swt\EBWebView\Default
2026-10-03 09:38:09.036: [INFO] MostRecentlyActiveProfile: name=Profile 1 path=D:\Hibernate\.metadata\.plugins\org.eclipse.swt\EBWebView\Default lastActive=2026-09-28T11:51:20.261Z
2026-10-03 09:38:09.036: [INFO] OnDoneLoading sync enabled: 0
2026-10-03 09:38:09.037: [INFO] BookmarkModelLoaded, ids_reassigned: 0
2026-10-03 09:38:09.037: [INFO] BookmarksLoadDropped droppedNodes=0
2026-10-03 09:38:09.037: [INFO] BookmarksSnapshot Startup total=0 bar=0 other=0 mobile=0 showBar=0 showBarNTP=1
2026-10-03 09:38:27.200: [INFO] BookmarksSnapshot Shutdown total=0 bar=0 other=0 mobile=0 showBar=0 showBarNTP=1
2026-10-03 09:42:18.636: [INFO] CurrentProfilePath: D:\Hibernate\.metadata\.plugins\org.eclipse.swt\EBWebView\Default
2026-10-03 09:42:18.636: [INFO] Profiles total count: 1
2026-10-03 09:42:18.636: [INFO] Profile: name=Profile 1 path=D:\Hibernate\.metadata\.plugins\org.eclipse.swt\EBWebView\Default lastActive=2026-09-28T11:51:20.261Z
2026-10-03 09:42:18.636: [INFO] LastUsedProfileDir: D:\Hibernate\.metadata\.plugins\org.eclipse.swt\EBWebView\Default
2026-10-03 09:42:18.637: [INFO] MostRecentlyActiveProfile: name=Profile 1 path=D:\Hibernate\.metadata\.plugins\org.eclipse.swt\EBWebView\Default lastActive=2026-09-28T11:51:20.261Z
2026-10-03 09:42:18.637: [INFO] OnDoneLoading sync enabled: 0
2026-10-03 09:42:18.637: [INFO] BookmarkModelLoaded, ids_reassigned: 0
2026-10-03 09:42:18.637: [INFO] BookmarksLoadDropped droppedNodes=0
2026-10-03 09:42:18.637: [INFO] BookmarksSnapshot Startup total=0 bar=0 other=0 mobile=0 showBar=0 showBarNTP=1
2026-10-03 09:45:50.245: [INFO] BookmarksSnapshot Shutdown total=0 bar=0 other=0 mobile=0 showBar=0 showBarNTP=1
2026-10-03 09:49:27.801: [INFO] CurrentProfilePath: D:\Hibernate\.metadata\.plugins\org.eclipse.swt\EBWebView\Default
2026-10-03 09:49:27.801: [INFO] Profiles total count: 1
2026-10-03 09:49:27.801: [INFO] Profile: name=Profile 1 path=D:\Hibernate\.metadata\.plugins\org.eclipse.swt\EBWebView\Default lastActive=2026-09-28T11:51:20.261Z
2026-10-03 09:49:27.801: [INFO] LastUsedProfileDir: D:\Hibernate\.metadata\.plugins\org.eclipse.swt\EBWebView\Default
2026-10-03 09:49:27.801: [INFO] MostRecentlyActiveProfile: name=Profile 1 path=D:\Hibernate\.metadata\.plugins\org.eclipse.swt\EBWebView\Default lastActive=2026-09-28T11:51:20.261Z
2026-10-03 09:49:27.801: [INFO] OnDoneLoading sync enabled: 0
2026-10-03 09:49:27.801: [INFO] BookmarkModelLoaded, ids_reassigned: 0
2026-10-03 09:49:27.801: [INFO] BookmarksLoadDropped droppedNodes=0
2026-10-03 09:49:27.801: [INFO] BookmarksSnapshot Startup total=0 bar=0 other=0 mobile=0 showBar=0 showBarNTP=1
2026-10-03 09:49:32.356: [INFO] BookmarksSnapshot Shutdown total=0 bar=0 other=0 mobile=0 showBar=0 showBarNTP=1
2026-10-03 09:50:00.654: [INFO] CurrentProfilePath: D:\Hibernate\.metadata\.plugins\org.eclipse.swt\EBWebView\Default
2026-10-03 09:50:00.654: [INFO] Profiles total count: 1
2026-10-03 09:50:00.654: [INFO] Profile: name=Profile 1 path=D:\Hibernate\.metadata\.plugins\org.eclipse.swt\EBWebView\Default lastActive=2026-09-28T11:51:20.261Z
2026-10-03 09:50:00.654: [INFO] LastUsedProfileDir: D:\Hibernate\.metadata\.plugins\org.eclipse.swt\EBWebView\Default
2026-10-03 09:50:00.654: [INFO] MostRecentlyActiveProfile: name=Profile 1 path=D:\Hibernate\.metadata\.plugins\org.eclipse.swt\EBWebView\Default lastActive=2026-09-28T11:51:20.261Z
2026-10-03 09:50:00.654: [INFO] OnDoneLoading sync enabled: 0
2026-10-03 09:50:00.654: [INFO] BookmarkModelLoaded, ids_reassigned: 0
2026-10-03 09:50:00.654: [INFO] BookmarksLoadDropped droppedNodes=0
2026-10-03 09:50:00.654: [INFO] BookmarksSnapshot Startup total=0 bar=0 other=0 mobile=0 showBar=0 showBarNTP=1
2026-10-03 09:50:08.094: [INFO] BookmarksSnapshot Shutdown total=0 bar=0 other=0 mobile=0 showBar=0 showBarNTP=1
2026-10-03 09:53:10.977: [INFO] CurrentProfilePath: D:\Hibernate\.metadata\.plugins\org.eclipse.swt\EBWebView\Default
2026-10-03 09:53:10.977: [INFO] Profiles total count: 1
2026-10-03 09:53:10.977: [INFO] Profile: name=Profile 1 path=D:\Hibernate\.metadata\.plugins\org.eclipse.swt\EBWebView\Default lastActive=2026-09-28T11:51:20.261Z
2026-10-03 09:53:10.977: [INFO] LastUsedProfileDir: D:\Hibernate\.metadata\.plugins\org.eclipse.swt\EBWebView\Default
2026-10-03 09:53:10.977: [INFO] MostRecentlyActiveProfile: name=Profile 1 path=D:\Hibernate\.metadata\.plugins\org.eclipse.swt\EBWebView\Default lastActive=2026-09-28T11:51:20.261Z
2026-10-03 09:53:10.977: [INFO] OnDoneLoading sync enabled: 0
2026-10-03 09:53:10.977: [INFO] BookmarkModelLoaded, ids_reassigned: 0
2026-10-03 09:53:10.977: [INFO] BookmarksLoadDropped droppedNodes=0
2026-10-03 09:53:10.977: [INFO] BookmarksSnapshot Startup total=0 bar=0 other=0 mobile=0 showBar=0 showBarNTP=1
2026-10-03 12:37:31.193: [INFO] CurrentProfilePath: D:\Hibernate\.metadata\.plugins\org.eclipse.swt\EBWebView\Default
2026-10-03 12:37:31.193: [INFO] Profiles total count: 1
2026-10-03 12:37:31.193: [INFO] Profile: name=Profile 1 path=D:\Hibernate\.metadata\.plugins\org.eclipse.swt\EBWebView\Default lastActive=2026-09-28T11:51:20.261Z
2026-10-03 12:37:31.193: [INFO] LastUsedProfileDir: D:\Hibernate\.metadata\.plugins\org.eclipse.swt\EBWebView\Default
2026-10-03 12:37:31.193: [INFO] MostRecentlyActiveProfile: name=Profile 1 path=D:\Hibernate\.metadata\.plugins\org.eclipse.swt\EBWebView\Default lastActive=2026-09-28T11:51:20.261Z
2026-10-03 12:37:31.193: [INFO] OnDoneLoading sync enabled: 0
2026-10-03 12:37:31.193: [INFO] BookmarkModelLoaded, ids_reassigned: 0
2026-10-03 12:37:31.193: [INFO] BookmarksLoadDropped droppedNodes=0
2026-10-03 12:37:31.193: [INFO] BookmarksSnapshot Startup total=0 bar=0 other=0 mobile=0 showBar=0 showBarNTP=1
2026-10-03 13:36:53.474: [INFO] BookmarksSnapshot Shutdown total=0 bar=0 other=0 mobile=0 showBar=0 showBarNTP=1
